// Jest Snapshot v1, https://goo.gl/fbAQLP

exports[`Calendario Should render correctly for Avatar Icon 1`] = `
Array [
  <input
    className="chakra-input css-1c6j008"
    onBlur={[Function]}
    onChange={[Function]}
    onClick={[Function]}
    onFocus={[Function]}
    placeholder="Date"
    readOnly={false}
    value=""
  />,
  <span />,
]
`;
